2026-05-13 06:43:32,494 - INFO - url: https://raw.githubusercontent.com/yuanzl77/IPTV/main/直播/央视频道.txt 获取成功，判断为txt格式
2026-05-13 06:43:32,495 - INFO - url: https://raw.githubusercontent.com/yuanzl77/IPTV/main/直播/央视频道.txt 爬取成功✅，包含频道分类: 央视频道
2026-05-13 06:43:33,549 - INFO - url: https://live.zhoujie218.top/tv/iptv6.txt 获取成功，判断为txt格式
2026-05-13 06:43:33,549 - INFO - url: https://live.zhoujie218.top/tv/iptv6.txt 爬取成功✅，包含频道分类: 更新时间
2026-05-13 06:43:34,427 - INFO - url: https://live.zhoujie218.top/tv/iptv4.txt 获取成功，判断为txt格式
2026-05-13 06:43:34,429 - INFO - url: https://live.zhoujie218.top/tv/iptv4.txt 爬取成功✅，包含频道分类: 央视频道, 卫视频道, 电影频道, 数字频道, 儿童频道, 地方频道, 纪录频道, 体育频道, 解说频道, 音乐频道, 春晚频道, 直播中国, 更新时间
2026-05-13 06:43:35,015 - ERROR - url: http://ww.weidonglong.com/dsj.txt 爬取失败❌, Error: HTTPConnectionPool(host='ww.weidonglong.com', port=80): Max retries exceeded with url: /dsj.txt (Caused by NameResolutionError("HTTPConnection(host='ww.weidonglong.com', port=80): Failed to resolve 'ww.weidonglong.com' ([Errno -2] Name or service not known)"))
2026-05-13 06:43:35,213 - INFO - url: https://raw.githubusercontent.com/qingwen07/awesome-iptv/main/tvbox_live_all.txt 获取成功，判断为txt格式
2026-05-13 06:43:35,234 - INFO - url: https://raw.githubusercontent.com/qingwen07/awesome-iptv/main/tvbox_live_all.txt 爬取成功✅，包含频道分类: 央视, 新闻, 卫视台, 地方台, 港澳台, 埋堆堆, 影视, 体育, 音乐, 小品, 咪咕, 斗鱼, 少儿, 国外, IPV6, 
2026-05-13 06:43:35,269 - INFO - url: https://raw.githubusercontent.com/Guovin/TV/gd/output/result.txt 获取成功，判断为txt格式
2026-05-13 06:43:35,274 - INFO - url: https://raw.githubusercontent.com/Guovin/TV/gd/output/result.txt 爬取成功✅，包含频道分类: 🕘️更新时间, 📺央视频道, 💰央视付费频道, 📡卫视频道, ☘️广东频道, ☘️浙江频道, ☘️北京频道, ☘️上海频道, ☘️重庆频道, ☘️江苏频道, ☘️辽宁频道, ☘️湖南频道, ☘️湖北频道, ☘️广西频道, ☘️天津频道, ☘️四川频道, ☘️陕西频道, ☘️福建频道, ☘️海南频道, ☘️河南频道, ☘️河北频道, ☘️贵州频道, ☘️甘肃频道, ☘️新疆频道, ☘️山东频道, ☘️山西频道, ☘️安徽频道, ☘️宁夏频道, ☘️吉林频道, ☘️内蒙古频道, ☘️云南频道, ☘️青海频道, ☘️黑龙江频道, 🌊港·澳·台, 🎬电影频道, 🎥咪咕直播, 🏀体育频道, 🪁动画频道, 🎮游戏频道, 🎵音乐频道, 🏛经典剧场
2026-05-13 06:43:46,209 - ERROR - url: https://cdn.jsdelivr.net/gh/YueChan/live@main/IPTV.m3u 爬取失败❌, Error: 404 Client Error: Not Found for url: https://cdn.jsdelivr.net/gh/YueChan/live@main/IPTV.m3u
2026-05-13 06:43:46,294 - INFO - url: https://raw.githubusercontent.com/cymz6/AutoIPTV-Hotel/main/lives.txt 获取成功，判断为txt格式
2026-05-13 06:43:46,294 - INFO - url: https://raw.githubusercontent.com/cymz6/AutoIPTV-Hotel/main/lives.txt 爬取成功✅，包含频道分类: 央视频道, 卫视频道, 其他频道
2026-05-13 06:43:47,217 - INFO - url: https://fm1077.serv00.net/SmartTV.m3u 获取成功，判断为m3u格式
2026-05-13 06:43:47,220 - INFO - url: https://fm1077.serv00.net/SmartTV.m3u 爬取成功✅，包含频道分类: 臺灣 Taiwan, 馬來西亞 Malaysia, 新加坡 Singapore, 印尼 Indonesia, 香港 Hongkong, 中國 China, 體育 Sports, 印度 Indian, 電影 Movie, 紀錄 Documentary, 新聞 News, 兒童 Kids, 泰國 Thailand, 英國 United Kingdom, 越南 Vietnam, 韓國 Korea, 日本 Japan
2026-05-13 06:43:47,287 - INFO - url: https://raw.githubusercontent.com/ssili126/tv/main/itvlist.txt 获取成功，判断为txt格式
2026-05-13 06:43:47,288 - INFO - url: https://raw.githubusercontent.com/ssili126/tv/main/itvlist.txt 爬取成功✅，包含频道分类: 央视频道, 卫视频道, 其他频道
2026-05-13 06:43:47,323 - INFO - url: https://raw.githubusercontent.com/kimwang1978/collect-tv-txt/main/merged_output.txt 获取成功，判断为txt格式
2026-05-13 06:43:47,324 - INFO - url: https://raw.githubusercontent.com/kimwang1978/collect-tv-txt/main/merged_output.txt 爬取成功✅，包含频道分类: 更新时间
